// Jest Snapshot v1, https://goo.gl/fbAQLP

exports[`Hello component should match the snapshot 1`] = `
<h2>
  Hello from Typescript and React!
</h2>
`;
